WX3 6FW
87110
8010
8010
24100
4980
05487-020
50739
59000
1010
T2F 8M4
T2F 8M4
90110
31000
05442-030
97827
90110
1734
01307
1204
08737-363
02389-673
10100
04876-786
H1J 1C3
31000
8022
5020
42100

8010
T2F 8M4
82520
1756
S-844 67
WX1 6LT
67000
90110
44087
H1J 1C3
83720
99508
8010
42100
S-958 22
S-958 22
44087
02389-890
1010
67000
69004
01307
83720
CO7 6JX
31000
90110
14776
14776
B-6000
69004
S-844 67
3508
WX1 6LT
B-6000
1675
8200
05432-043
24100
14776
98124
13008
EC2 5NT
OX15 4NB
PO31 7PJ
05033
B-6000
5022
1756
69004
87110
59000
02389-890
99362
98124
EC2 5NT
4980
5022
05487-020
80805
5020
5022
1675
T2F 8M4
31000
05432-043
V3F 2K1
05634-030
60528
5022
3508
31000
68306
05033

98124
H1J 1C3
14776
05023
50739
68306
83720
13008
05442-030
70563
8010
01307

SW7 1RZ
05033
3012
4110
1010
60528
OX15 4NB
S-958 22
13008
90110
01307
97403
B-1180
5020
1010
WX3 6FW
S-844 67
60528
05023
60528
1204
EC2 5NT
EC2 5NT
01307
05454-876
14776
3508
97219
99362
69004
OX15 4NB
44087
01307
41101
1675
5022
90110
50739
83720
1734
60528
CO7 6JX
67000
80805
S-844 67
42100
02389-890
87110
H1J 1C3
67000

8022
87110
H1J 1C3
8010
S-958 22
05023
98034
04179
05033
98034
EC2 5NT
94117
50739
05442-030
68306
90110
67000
08737-363
42100
02389-673
01307
97403
H1J 1C3
8200
60528
60528
99508
8010
98124
5020
87110
EC2 5NT
97827
5022
8200
83720
1675
H1J 1C3
05634-030
83720
44087
44000
31000
01-012
83720
5022
68306
21240
97403
97403
H1J 1C3
H1J 1C3
V3F 2K1
PO31 7PJ
02389-890
80805
59801
05021
S-958 22
83720
67000
41101
14776
31000
70563
8010
59000
24100
90110
05487-020
4980
4110
70563
5022
1734
12209
08737-363
05454-876

02389-673
02389-890
B-1180
05442-030
70563
04876-786
80805
S-958 22
42100
97403
83720
01307
05487-020
97827

97219
13008
1675
97219
1204
8010
70563
1734
80805
44000
S-958 22
21240
PO31 7PJ
80805
05033
05023
83720
67000
99508
97403
05023
44000
50739
04876-786
5020

8200
S-958 22
05454-876
01307
12209
98124
01307
21240
98124
4980
8010
04179
83720

12209
S-844 67
05487-020
5022
99508
CO7 6JX
97201
04876-786
10100
83720

83720
83720
13008
1010
80805
14776
94117
02389-673
01307
83720
98124
H1J 1C3
05442-030
WX3 6FW
42100
05487-020
4980
13008
3012
13008
S-958 22
04876-786
94117

51100
75016
51100
98124
CO7 6JX
T2F 8M4
CO7 6JX
8200
01307
3012
5020
83720
PO31 7PJ
90110
1204
SW7 1RZ
10100
24100
13008
82520
83720
1204
05021
B-1180
87110
S-844 67
59000
8010
01307
50739
B-6000
CO7 6JX
8200
05454-876
8010
60528
8010
S-844 67
59801
8010
04876-786
S-958 22
04179
3508
90110
1010
05454-876
24100
1081
05487-020
31000
01307
59000
04876-786
80805
01-012
CO7 6JX
02389-673
8010
5022
52066
PO31 7PJ
14776
OX15 4NB
28023
1734
08737-363
OX15 4NB
97201
69004
10100
Around the Horn
B's Beverages
Consolidated Holdings
Eastern Connection
North/South
Seven Seas Imports
Around the Horn
7/4/1996 12:00:00 AM
7/5/1996 12:00:00 AM
7/8/1996 12:00:00 AM
7/8/1996 12:00:00 AM
7/9/1996 12:00:00 AM
7/10/1996 12:00:00 AM
7/11/1996 12:00:00 AM
7/12/1996 12:00:00 AM
7/15/1996 12:00:00 AM
7/16/1996 12:00:00 AM
7/17/1996 12:00:00 AM
7/18/1996 12:00:00 AM
7/19/1996 12:00:00 AM
7/19/1996 12:00:00 AM
7/22/1996 12:00:00 AM
7/23/1996 12:00:00 AM
7/24/1996 12:00:00 AM
7/25/1996 12:00:00 AM
7/26/1996 12:00:00 AM
7/29/1996 12:00:00 AM
7/30/1996 12:00:00 AM
7/31/1996 12:00:00 AM
8/1/1996 12:00:00 AM
8/1/1996 12:00:00 AM
8/2/1996 12:00:00 AM
8/5/1996 12:00:00 AM
8/6/1996 12:00:00 AM
8/7/1996 12:00:00 AM
8/8/1996 12:00:00 AM
8/9/1996 12:00:00 AM
8/12/1996 12:00:00 AM
8/13/1996 12:00:00 AM
8/14/1996 12:00:00 AM
8/14/1996 12:00:00 AM
8/15/1996 12:00:00 AM
8/16/1996 12:00:00 AM
8/19/1996 12:00:00 AM
8/20/1996 12:00:00 AM
8/21/1996 12:00:00 AM
8/22/1996 12:00:00 AM
8/23/1996 12:00:00 AM
8/26/1996 12:00:00 AM
8/27/1996 12:00:00 AM
8/27/1996 12:00:00 AM
8/28/1996 12:00:00 AM
8/29/1996 12:00:00 AM
8/30/1996 12:00:00 AM
9/2/1996 12:00:00 AM
9/3/1996 12:00:00 AM
9/4/1996 12:00:00 AM
9/5/1996 12:00:00 AM
9/6/1996 12:00:00 AM
9/9/1996 12:00:00 AM
9/9/1996 12:00:00 AM
9/10/1996 12:00:00 AM
9/11/1996 12:00:00 AM
9/12/1996 12:00:00 AM
9/13/1996 12:00:00 AM
9/16/1996 12:00:00 AM
9/17/1996 12:00:00 AM
9/18/1996 12:00:00 AM
9/19/1996 12:00:00 AM
9/20/1996 12:00:00 AM
9/20/1996 12:00:00 AM
9/23/1996 12:00:00 AM
9/24/1996 12:00:00 AM
9/25/1996 12:00:00 AM
9/26/1996 12:00:00 AM
9/27/1996 12:00:00 AM
9/30/1996 12:00:00 AM
10/1/1996 12:00:00 AM
10/2/1996 12:00:00 AM
10/3/1996 12:00:00 AM
10/3/1996 12:00:00 AM
10/4/1996 12:00:00 AM
10/7/1996 12:00:00 AM
10/8/1996 12:00:00 AM
10/9/1996 12:00:00 AM
10/10/1996 12:00:00 AM
10/11/1996 12:00:00 AM
10/14/1996 12:00:00 AM
10/15/1996 12:00:00 AM
10/16/1996 12:00:00 AM
10/16/1996 12:00:00 AM
10/17/1996 12:00:00 AM
10/18/1996 12:00:00 AM
10/21/1996 12:00:00 AM
10/22/1996 12:00:00 AM
10/23/1996 12:00:00 AM
10/24/1996 12:00:00 AM
10/25/1996 12:00:00 AM
10/28/1996 12:00:00 AM
10/29/1996 12:00:00 AM
10/29/1996 12:00:00 AM
10/30/1996 12:00:00 AM
10/31/1996 12:00:00 AM
11/1/1996 12:00:00 AM
11/4/1996 12:00:00 AM
11/5/1996 12:00:00 AM
11/6/1996 12:00:00 AM
11/7/1996 12:00:00 AM
11/8/1996 12:00:00 AM
11/11/1996 12:00:00 AM
11/11/1996 12:00:00 AM
11/12/1996 12:00:00 AM
11/13/1996 12:00:00 AM
11/14/1996 12:00:00 AM
11/15/1996 12:00:00 AM
11/18/1996 12:00:00 AM
11/19/1996 12:00:00 AM
11/20/1996 12:00:00 AM
11/21/1996 12:00:00 AM
11/22/1996 12:00:00 AM
11/22/1996 12:00:00 AM
11/25/1996 12:00:00 AM
11/26/1996 12:00:00 AM
11/26/1996 12:00:00 AM
11/27/1996 12:00:00 AM
11/28/1996 12:00:00 AM
11/28/1996 12:00:00 AM
11/29/1996 12:00:00 AM
12/2/1996 12:00:00 AM
12/3/1996 12:00:00 AM
12/3/1996 12:00:00 AM
12/4/1996 12:00:00 AM
12/5/1996 12:00:00 AM
12/5/1996 12:00:00 AM
12/6/1996 12:00:00 AM
12/9/1996 12:00:00 AM
12/9/1996 12:00:00 AM
12/10/1996 12:00:00 AM
12/11/1996 12:00:00 AM
12/12/1996 12:00:00 AM
12/12/1996 12:00:00 AM
12/13/1996 12:00:00 AM
12/16/1996 12:00:00 AM
12/16/1996 12:00:00 AM
12/17/1996 12:00:00 AM
12/18/1996 12:00:00 AM
12/18/1996 12:00:00 AM
12/19/1996 12:00:00 AM
12/20/1996 12:00:00 AM
12/23/1996 12:00:00 AM
12/23/1996 12:00:00 AM
12/24/1996 12:00:00 AM
12/25/1996 12:00:00 AM
12/25/1996 12:00:00 AM
12/26/1996 12:00:00 AM
12/27/1996 12:00:00 AM
12/27/1996 12:00:00 AM
12/30/1996 12:00:00 AM
12/31/1996 12:00:00 AM
26
26.78
70.29
9.8
41.89
24.39
257.26
18.44
13.55
27.36
145.04
55.92
299.09
69.19
65.06
176.48
27.2
65.53
Alfreds Futterkiste
Ana Trujillo Emparedados y helados
Antonio Moreno Taquería
Around the Horn
Berglunds snabbköp
Blauer See Delikatessen
Blondesddsl père et fils
Bólido Comidas preparadas
Bon app'
Bottom-Dollar Markets
B's Beverages
Cactus Comidas para llevar
Chop-suey Chinese
Comércio Mineiro
Consolidated Holdings
Drachenblut Delikatessen
Du monde entier
Eastern Connection
Ernst Handel
Familia Arquibaldo
Folies gourmandes
Folk och fä HB
Frankenversand
France restauration
Franchi S.p.A.
Furia Bacalhau e Frutos do Mar
Galería del gastrónomo
Godos Cocina Típica
Gourmet Lanchonetes
Great Lakes Food Market
GROSELLA-Restaurante
Hanari Carnes
HILARION-Abastos
Hungry Coyote Import Store
Hungry Owl All-Night Grocers
Island Trading
Königlich Essen
La maison d'Asie
Laughing Bacchus Wine Cellars
Lazy K Kountry Store
Lehmanns Marktstand
Let's Stop N Shop
LILA-Supermercado
LINO-Delicateses
Lonesome Pine Restaurant
Magazzini Alimentari Riuniti
Maison Dewey
Mère Paillarde
Morgenstern Gesundkost
North/South
Océano Atlántico Ltda.
Old World Delicatessen
Ottilies Käseladen
Pericles Comidas clásicas
Piccolo und mehr
Princesa Isabel Vinhos
Que Delícia
Queen Cozinha
QUICK-Stop
Rancho grande
Rattlesnake Canyon Grocery
Reggiani Caseifici
Ricardo Adocicados
Richter Supermarkt
Santé Gourmet
Save-a-lot Markets
Seven Seas Imports
Simons bistro
Spécialités du monde
Split Rail Beer & Ale
Suprêmes délices
The Big Cheese
The Cracker Box
Toms Spezialitäten
Tortuga Restaurante
Tradição Hipermercados
Trail's Head Gourmet Provisioners
Vaffeljernet
Victuailles en stock
Vins et alcools Chevalier
Die Wandernde Kuh
Wartian Herkku
Wellington Importadora
White Clover Markets
Wilman Kala
87110
8010
8010
24100
4980
05487-020
50739
59000
1010
T2F 8M4
T2F 8M4
90110
31000
05442-030
97827
90110
1734
01307
1204
08737-363
02389-673
10100
04876-786
H1J 1C3
31000
8022
5020
42100

8010
T2F 8M4
82520
1756
S-844 67
67000
90110
44087
H1J 1C3
83720
99508
8010
42100
S-958 22
S-958 22
44087
02389-890
1010
67000
69004
01307
83720
31000
90110
14776
14776
B-6000
69004
S-844 67
3508
B-6000
1675
8200
05432-043
24100
14776
98124
13008
B-6000
5022
1756
69004
87110
59000
02389-890
99362
98124
4980
5022
05487-020
80805
5020
5022
1675
T2F 8M4
31000
05432-043
V3F 2K1
05634-030
60528
5022
3508
31000
68306

98124
H1J 1C3
14776
50739
68306
83720
13008
05442-030
70563
8010
01307

3012
4110
1010
60528
S-958 22
13008
90110
01307
97403
B-1180
5020
1010
S-844 67
60528
60528
1204
01307
05454-876
14776
3508
97219
99362
69004
44087
01307
41101
1675
5022
90110
50739
83720
1734
60528
67000
80805
S-844 67
42100
02389-890
87110
H1J 1C3
67000

8022
87110
H1J 1C3
8010
S-958 22
98034
04179
98034
94117
50739
05442-030
68306
90110
67000
08737-363
42100
02389-673
01307
97403
H1J 1C3
8200
60528
60528
99508
8010
98124
5020
87110
97827
5022
8200
83720
1675
H1J 1C3
05634-030
83720
44087
44000
31000
83720
5022
68306
21240
97403
97403
H1J 1C3
H1J 1C3
V3F 2K1
02389-890
80805
59801
S-958 22
83720
67000
41101
14776
31000
70563
8010
59000
24100
90110
05487-020
4980
4110
70563
5022
1734
12209
08737-363
05454-876

02389-673
02389-890
B-1180
05442-030
70563
04876-786
80805
S-958 22
42100
97403
83720
01307
05487-020
97827

97219
13008
1675
97219
1204
8010
70563
1734
80805
44000
S-958 22
21240
80805
83720
67000
99508
97403
44000
50739
04876-786
5020

8200
S-958 22
05454-876
01307
12209
98124
01307
21240
98124
4980
8010
04179
83720

12209
S-844 67
05487-020
5022
99508
97201
04876-786
10100
83720

83720
83720
13008
1010
80805
14776
94117
02389-673
01307
83720
98124
H1J 1C3
05442-030
42100
05487-020
4980
13008
3012
13008
S-958 22
04876-786
94117

51100
75016
51100
98124
T2F 8M4
8200
01307
3012
5020
83720
90110
1204
10100
24100
13008
82520
83720
1204
B-1180
87110
S-844 67
59000
8010
01307
50739
B-6000
8200
05454-876
8010
60528
8010
S-844 67
59801
8010
04876-786
S-958 22
04179
3508
90110
1010
05454-876
24100
1081
05487-020
31000
01307
59000
04876-786
80805
02389-673
8010
5022
52066
14776
28023
1734
08737-363
97201
69004
10100
51100
44087
05454-876
69004
B-6000
05454-876
3012
1204
08737-363
5022
8010
05022
50739
02389-673
87110
8010
S-844 67
67000
90110
80805
1081
98124
90110
82520
87110
01307
51100
24100
05033
04179
S-958 22
60528
S-958 22
28001
28001
3508
60528
01307
01307
02389-890
42100
EC2 5NT
05432-043
02389-673
05634-030
05033
87110
51100
3508
67000

02389-890
24100
70563
B-6000
41101
05033
99508
28001
97219
05021

97201
44000
70563
01307
87110
PO31 7PJ
87110
97219
PO31 7PJ
05033
90110
PO31 7PJ
05033
14776
83720
14776
28023
S-844 67
1675
82520
3508
13008
H1J 1C3
90110
69004

1756
80805
99508
H1J 1C3
13008
1734
80805
60528
98124
01307
87110
05442-030
70563
82520
31000
8010
1675
5020
05033
CO7 6JX
70563
3508
31000
OX15 4NB
67000
01307
13008
52066
WX3 6FW
05023
8022
8200
8010
82520
3012
31000
05487-020

01-012
97827
H1J 1C3
OX15 4NB
S-844 67
02389-673

3508
8010
CO7 6JX
S-958 22
82520
05442-030
4110
OX15 4NB
T2F 8M4
8010
52066
5020
83720
97827
5022
80805
1756
83720
8200
WX3 6FW
87110
8010
8010
24100
4980
05487-020
50739
59000
1010
T2F 8M4
T2F 8M4
90110
31000
05442-030
97827
90110
1734
01307
1204
08737-363
02389-673
10100
04876-786
H1J 1C3
31000
8022
5020
42100

8010
T2F 8M4
82520
1756
S-844 67
WX1 6LT
67000
90110
44087
H1J 1C3
83720
99508
8010
42100
S-958 22
S-958 22
44087
02389-890
1010
67000
69004
01307
83720
CO7 6JX
31000
90110
14776
14776
B-6000
69004
S-844 67
3508
WX1 6LT
B-6000
1675
8200
05432-043
24100
14776
98124
13008
EC2 5NT
OX15 4NB
PO31 7PJ
05033
B-6000
5022
1756
69004
87110
59000
02389-890
99362
98124
EC2 5NT
4980
5022
05487-020
80805
5020
5022
1675
T2F 8M4
31000
05432-043
V3F 2K1
05634-030
60528
5022
3508
31000
68306
05033

98124
H1J 1C3
14776
05023
50739
68306
83720
13008
05442-030
70563
8010
01307

SW7 1RZ
05033
3012
4110
1010
60528
OX15 4NB
S-958 22
13008
90110
01307
97403
B-1180
5020
1010
WX3 6FW
S-844 67
60528
05023
60528
1204
EC2 5NT
EC2 5NT
01307
05454-876
14776
3508
97219
99362
69004
OX15 4NB
44087
01307
41101
1675
5022
90110
50739
83720
1734
60528
CO7 6JX
67000
80805
S-844 67
42100
02389-890
87110
H1J 1C3
67000

8022
87110
H1J 1C3
8010
S-958 22
05023
98034
04179
05033
98034
EC2 5NT
94117
50739
05442-030
68306
90110
67000
08737-363
42100
02389-673
01307
97403
H1J 1C3
8200
60528
60528
99508
8010
98124
5020
87110
EC2 5NT
97827
5022
8200
83720
1675
H1J 1C3
05634-030
83720
44087
44000
31000
01-012
83720
5022
68306
21240
97403
97403
H1J 1C3
H1J 1C3
V3F 2K1
PO31 7PJ
02389-890
80805
59801
05021
S-958 22
83720
67000
41101
14776
31000
70563
8010
59000
24100
90110
05487-020
4980
4110
70563
5022
1734
12209
08737-363
05454-876

02389-673
02389-890
B-1180
05442-030
70563
04876-786
80805
S-958 22
42100
97403
83720
01307
05487-020
97827

97219
13008
1675
97219
1204
8010
70563
1734
80805
44000
S-958 22
21240
PO31 7PJ
80805
05033
05023
83720
67000
99508
97403
05023
44000
50739
04876-786
5020

8200
S-958 22
05454-876
01307
12209
98124
01307
21240
98124
4980
8010
04179
83720

12209
S-844 67
05487-020
5022
99508
CO7 6JX
97201
04876-786
10100
83720

83720
83720
13008
1010
80805
14776
94117
02389-673
01307
83720
98124
H1J 1C3
05442-030
WX3 6FW
42100
05487-020
4980
13008
3012
13008
S-958 22
04876-786
94117

51100
75016
51100
98124
CO7 6JX
T2F 8M4
CO7 6JX
8200
01307
3012
5020
83720
PO31 7PJ
90110
1204
SW7 1RZ
10100
24100
13008
82520
83720
1204
05021
B-1180
87110
S-844 67
59000
8010
01307
50739
B-6000
CO7 6JX
8200
05454-876
8010
60528
8010
S-844 67
59801
8010
04876-786
S-958 22
04179
3508
90110
1010
05454-876
24100
1081
05487-020
31000
01307
59000
04876-786
80805
01-012
CO7 6JX
02389-673
8010
5022
52066
PO31 7PJ
14776
OX15 4NB
28023
1734
08737-363
OX15 4NB
97201
69004
10100
99508
08737-363
V3F 2K1
4980
42100
02389-890
69004
83720
97403
14776
24100
1010
87110
82520
98034
3508
S-844 67
52066
67000
13008
1010
PO31 7PJ
05634-030
4110
31000
50739
05634-030
12209
8010
S-958 22
4980
05634-030
4980
B-6000
05033
69004
5020
01307
B-6000
83720
WX1 6LT
14776
69004
02389-890
87110
68306
8010
99508
05023
S-958 22
78000
80805
44000
98124
60528
5022
CO7 6JX
01307
S-958 22
97219
05487-020
OX15 4NB
01-012
13008
41101
21240
41101
S-958 22
13008
02389-890
01307
21240
S-844 67
1010
83720
97219
94117
B-6000
05454-876
8022
41101
87110
44000
60528
B-1180
14776
83720
8010
B-1180

1010
3508
08737-363
5022
S-844 67
05454-876
98124
08737-363
01-012
75016
42100
4110
21240
41101

05487-020
05487-020
05033
1010
28001
T2F 8M4
4980
CO7 6JX
8200
05454-876
31000
S-958 22
05454-876
05021
78000
8022
80805
B-6000
1204
13008
PO31 7PJ
60528
08737-363
97403
1010
01307
24100
13008
83720
42100
EC2 5NT
T2F 8M4
04179
8200
EC2 5NT
41101
T2F 8M4
24100
1204
12209
CO7 6JX
4980
S-844 67
68306
5022
1010
04876-786
5022
05487-020
01307
1675
75016
99508
3012
44087
8010
05432-043
28023
44000
78000
78000
82520
T2F 8M4
5022
S-844 67
B-1180
8010
S-844 67
05454-876
T2F 8M4
83720
83720

1010
WX3 6FW
87110
02389-673
8010
01307
97201
S-844 67
8200
05033
01307
3508
01-012
50739
87110
S-844 67
83720
59801
B-1180
21240
97403
1756
8010
41101
42100
12209
80805
28001
4980
4110
CO7 6JX
8010
97219
1010
50739
01307
05454-876
EC2 5NT
WX3 6FW
90110
10100
T2F 8M4
14776
3012
83720
83720
98124
1204
99508
B-6000
52066
41101
B-6000
4980
97403
3012
05432-043
75016
01-012
T2F 8M4
70563
WX3 6FW
T2F 8M4
04876-786
S-844 67
31000
05454-876
5020
1010
5022
WX3 6FW
SW7 1RZ
68306
02389-890
10100
97403
42100

83720
3508
98124
52066
05487-020
05033
60528
3508
8010
05033
1734
1204
13008
87110
Chai
Chang
Chef Anton's Cajun Seasoning
Chef Anton's Gumbo Mix
Uncle Bob's Organic Dried Pears
Guaraná Fantástica
Gumbär Gummibärchen
Rössle Sauerkraut
Thüringer Rostbratwurst
Nord-Ost Matjeshering
Sasquatch Ale
Steeleye Stout
Boston Crab Meat
Jack's New England Clam Chowder
Tarte au sucre
Wimmers gute Semmelknödel
Louisiana Fiery Hot Pepper Sauce
Röd Kaviar
Rhönbräu Klosterbier
Original Frankfurter grüne Soße
